객체들에게 일임하는 것이 프로그래밍에 중요한 것

문제가 생겼을 때 방향키를 동시에 누르는 것을 따져봐야 한다.

우측 방향키 누른 상태에서 좌측, 좌측 누른 상태에서 우측을 누를 것을 집어넣어야 한다.

상수값은 프로그래밍 내에 두지 않는다.
상수를 밖에 빼놓고 꺼내 쓸 수 있어야 한다. 

Python 3.5.2 (v3.5.2:4def2a2901a5, Jun 25 2016, 22:18:55) [MSC v.1900 64 bit (AMD64)] on win32
Type "copyright", "credits" or "license()" for more information.
>>> data = {an :{"x":100, "y":200, "start" : "wryyyyy"}}
Traceback (most recent call last):
  File "<pyshell#0>", line 1, in <module>
    data = {an :{"x":100, "y":200, "start" : "wryyyyy"}}
NameError: name 'an' is not defined
>>> data = {"an" :{"x":100, "y":200, "start" : "wryyyyy"}}
>>> date.an
Traceback (most recent call last):
  File "<pyshell#2>", line 1, in <module>
    date.an
NameError: name 'date' is not defined
>>> data.an
Traceback (most recent call last):
  File "<pyshell#3>", line 1, in <module>
    data.an
AttributeError: 'dict' object has no attribute 'an'
>>> data[an]
Traceback (most recent call last):
  File "<pyshell#4>", line 1, in <module>
    data[an]
NameError: name 'an' is not defined
>>> data["an"]
{'x': 100, 'y': 200, 'start': 'wryyyyy'}
>>> data["an"]["x"]
100
>>> 

이게 딕셔너리, 사전 같은 것이다. 멀티플 배열 스타일로 특정 키 값을 꺼낼 수 있다.



제이슨이란 것을 사용하면 텍스트에서 원하는 값을 불러올 수 있다. 텍스트를 쓰자, 프로그램에 쓰는 것은 너무 귀찮다.

개발을 하기가 현재 너무 어려운 상황이지만 가능한 만큼은 하도록 하자.

상수는 웬만하면 쓰지 않는다. 그걸 위해 제이슨이라는 것을 쓰는 것인데 그 제이슨을 쓰기가 힘들다. 

파씽 : 컴퓨터에서 문맥을 이해하는 것.

외부에 간단한 데이터베이스를 집어넣는 것이 좋다(파이썬으로는 제이슨)

게임을 만들 때 가장 간과하는 것 중 하나가 물리, 그 중에서도 시간(사실 제일 어려운 부분이기도 함, 특히 운동법칙의 시간은)

시간을 조정하는 방법 : 속도를 고정시킴(정상적인 방법은 아님)

게임 객체들의 운동에 시간을 도입한다? 정확히는 속도와 시간 

프레임 타임 : 경과시간
프레임 타임을 이용해서 이동하는 것을 결정한다?

객체의 속도를 정하는 법 

개발자하고 기획자하고의 약속 : 피봇의 위치를 정해야 한다. 한 픽셀이 몇 미터인지 정해야 한다. 

길이를 명시를 해줘야만 기말이나 김경철 보스에게서 살아남을 수 있다. 

정수로 하면 버그가 많이 쌓이기 때문에 조심 많이 해야 한다. 그래서 실수 값으로 해야 한다. 

sort()라는 함수가 파이썬에 들어있다. 

a.sort()라고 하면 작은 순으로
a.sort(reverse = True)라고 하면 큰 순으로

11월 7일

충돌처리 : 점대 점이면 좌표가 같으면 되겠다. 

게임 내 상황이 잘 보여야 한다? 디버깅을 하기 좋은 환경을 만들어야 한다. 


11월 14일

진폭 : 소리가 크다. 
주파수 : 초당 특정 파형이 반복되는 횟수, 소리의 높낮이 정도가 된다. 
마이크하고 이어폰이 거꾸로다?

샘플링되는 사운드 주파수의 2배 정도 샘플링을 하면 된다.
듬성듬성 있는 파형들을 통해 원래의 모양을 유추할 수 있다? 

사람이 들었을 때 24비트 안에 소리를 담는다면 별다른 문제가 없다고 한다. 그 이상은 사람이 구별을 거의 못 한다고 함. 

샘플링 주파수 44.1khz = 44100hz // 초당 샘플링!?

노래 한 곡 : 4분 = 240초 *44100hz 

노래의 압축률 : 12~15배 정도 압축시킨다. 
남자가 2만번 정도, 여자가 3만번이니까, 넉넉히 4만번 정도 샘플링을 하면 오차를 줄일 수 있다. 

청크 : 일정한 크기를 가지는 사운드 데이터 
압축을 풀 때 한 번에 다 푸는 것이 아니라 연달아서 푸는 것이다? 
4메가라 쳤을 때 50바이트씩 잘라 보내는 그런 식. 

채널 : 소리를 전달하는 통로.
모노 : 1채널
스테레오 : 2채널
오픈소스에서는 ogg를 쓰는 것이 트렌드라고 한다. 

11월 21일
필요한 것 : 점수와 시간(폰트는 주실 것이다)

11월 28일
소수점에서 규칙이 있으면 유리수, 규칙이 없으면 무리수
타일링의 경우 원하는 형태로 맵을 만들 수 있는 대신 시간이 오래 걸림

11월 30일
파이썬은 모두 포인터로 운영된다. 상호 참조가 쉽다 